seg b001 ok
seg b002 ok
seg b003 ok
seg b004 ok
seg b101 ok
seg b102 ok
seg b103 ok
seg b104 ok
seg b105 ok
seg b106 ok
seg b107 ok
seg b108 ok
seg b201 ok
seg b202 ok
seg b203 ok
seg b204 ok
seg b205 ok
seg b207 ok
seg b208 ok
seg b206 ok
seg b301 ok
seg b302 ok
seg b303 ok
seg b304x ok
seg b304y ok
seg b304 ok
seg b305 ok
seg b401 ok
seg b402 ok
seg b403x ok
seg b404a ok
seg b403 ok
seg b404 ok
seg b404b ok
seg b405 ok
seg b501 ok
seg b502 ok
seg b503a ok
seg b503b ok
seg b503 ok
seg b504 ok
seg b504a ok
seg b505 ok
seg b601 ok
seg b601a ok
seg b602 ok
seg b603 ok
seg b603a ok
seg b604 ok
seg b605 ok
seg b701 ok
seg b702 ok
seg b702a ok
seg b703 ok
seg b703a ok
seg b704 ok
seg b704a ok
seg b705 ok
seg b705a ok
seg b706 ok
seg b706a ok
seg b801 ok
seg b802 ok
seg b802a ok
seg b803 ok
seg b803a ok
seg b804 ok
FAIL concat: [concat @ 0x5594011c1f00] Impossible to open 'project/segments/project/segments/seg_intro.mp4'
[in#0 @ 0x5594011c1d00] Error opening input: No such file or directory
Error opening input file project/segments/list.txt.
Error opening input files: No such file or directory

